{
  "version": "1.5.0",
  "plugins_used": [
    {
      "name": "ArtifactoryDetector"
    },
    {
      "name": "AWSKeyDetector"
    },
    {
      "name": "AzureStorageKeyDetector"
    },
    {
      "name": "Base64HighEntropyString",
      "limit": 4.5
    },
    {
      "name": "BasicAuthDetector"
    },
    {
      "name": "CloudantDetector"
    },
    {
      "name": "DiscordBotTokenDetector"
    },
    {
      "name": "GitHubTokenDetector"
    },
    {
      "name": "GitLabTokenDetector"
    },
    {
      "name": "HexHighEntropyString",
      "limit": 3.0
    },
    {
      "name": "IbmCloudIamDetector"
    },
    {
      "name": "IbmCosHmacDetector"
    },
    {
      "name": "IPPublicDetector"
    },
    {
      "name": "JwtTokenDetector"
    },
    {
      "name": "MailchimpDetector"
    },
    {
      "name": "NpmDetector"
    },
    {
      "name": "OpenAIDetector"
    },
    {
      "name": "PrivateKeyDetector"
    },
    {
      "name": "PypiTokenDetector"
    },
    {
      "name": "SendGridDetector"
    },
    {
      "name": "SlackDetector"
    },
    {
      "name": "SoftlayerDetector"
    },
    {
      "name": "SquareOAuthDetector"
    },
    {
      "name": "StripeDetector"
    },
    {
      "name": "TelegramBotTokenDetector"
    },
    {
      "name": "TwilioKeyDetector"
    }
  ],
  "filters_used": [
    {
      "path": "detect_secrets.filters.allowlist.is_line_allowlisted"
    },
    {
      "path": "detect_secrets.filters.common.is_ignored_due_to_verification_policies",
      "min_level": 2
    },
    {
      "path": "detect_secrets.filters.heuristic.is_indirect_reference"
    },
    {
      "path": "detect_secrets.filters.heuristic.is_likely_id_string"
    },
    {
      "path": "detect_secrets.filters.heuristic.is_lock_file"
    },
    {
      "path": "detect_secrets.filters.heuristic.is_not_alphanumeric_string"
    },
    {
      "path": "detect_secrets.filters.heuristic.is_potential_uuid"
    },
    {
      "path": "detect_secrets.filters.heuristic.is_prefixed_with_dollar_sign"
    },
    {
      "path": "detect_secrets.filters.heuristic.is_sequential_string"
    },
    {
      "path": "detect_secrets.filters.heuristic.is_swagger_file"
    },
    {
      "path": "detect_secrets.filters.heuristic.is_templated_secret"
    },
    {
      "path": "detect_secrets.filters.regex.should_exclude_file",
      "pattern": [
        "pyproject\\.toml|\\.github/workflows/config/\\.secrets\\.baseline|\\.oms\\.sig$"
      ]
    }
  ],
  "results": {
    "docs/testing.md": [
      {
        "type": "Hex High Entropy String",
        "filename": "docs/testing.md",
        "hashed_secret": "3f3b8ce7c4fec509b2b74ee3e1d98170278ffe4b",
        "is_verified": false,
        "line_number": 113
      }
    ],
    "examples/configs/recipes/llm/grpo-nemotron3-super-120BA12B-16n8g-automodel-ep8.yaml": [
      {
        "type": "Base64 High Entropy String",
        "filename": "examples/configs/recipes/llm/grpo-nemotron3-super-120BA12B-16n8g-automodel-ep8.yaml",
        "hashed_secret": "4702220fec9261c7d9b0c427aceeca118b66c702",
        "is_verified": false,
        "line_number": 8
      }
    ],
    "examples/configs/recipes/llm/grpo-nemotron3-super-120BA12B-16n8g-megatron.yaml": [
      {
        "type": "Base64 High Entropy String",
        "filename": "examples/configs/recipes/llm/grpo-nemotron3-super-120BA12B-16n8g-megatron.yaml",
        "hashed_secret": "4702220fec9261c7d9b0c427aceeca118b66c702",
        "is_verified": false,
        "line_number": 8
      }
    ],
    "examples/configs/recipes/llm/grpo-nemotron3-super-120BA12B-8n4g-megatron.yaml": [
      {
        "type": "Base64 High Entropy String",
        "filename": "examples/configs/recipes/llm/grpo-nemotron3-super-120BA12B-8n4g-megatron.yaml",
        "hashed_secret": "4702220fec9261c7d9b0c427aceeca118b66c702",
        "is_verified": false,
        "line_number": 11
      }
    ],
    "examples/configs/recipes/llm/performance/grpo-nemotron3-super-120BA12B-32n4g-async-1off.yaml": [
      {
        "type": "Base64 High Entropy String",
        "filename": "examples/configs/recipes/llm/performance/grpo-nemotron3-super-120BA12B-32n4g-async-1off.yaml",
        "hashed_secret": "4702220fec9261c7d9b0c427aceeca118b66c702",
        "is_verified": false,
        "line_number": 21
      }
    ],
    "examples/configs/recipes/llm/performance/grpo-nemotron3-super-120BA12B-32n4g.yaml": [
      {
        "type": "Base64 High Entropy String",
        "filename": "examples/configs/recipes/llm/performance/grpo-nemotron3-super-120BA12B-32n4g.yaml",
        "hashed_secret": "4702220fec9261c7d9b0c427aceeca118b66c702",
        "is_verified": false,
        "line_number": 15
      }
    ],
    "examples/configs/recipes/llm/performance/grpo-nemotron3-super-120BA12B-32n8g-async-1off.yaml": [
      {
        "type": "Base64 High Entropy String",
        "filename": "examples/configs/recipes/llm/performance/grpo-nemotron3-super-120BA12B-32n8g-async-1off.yaml",
        "hashed_secret": "4702220fec9261c7d9b0c427aceeca118b66c702",
        "is_verified": false,
        "line_number": 16
      }
    ],
    "examples/configs/recipes/llm/performance/grpo-nemotron3-super-120BA12B-32n8g.yaml": [
      {
        "type": "Base64 High Entropy String",
        "filename": "examples/configs/recipes/llm/performance/grpo-nemotron3-super-120BA12B-32n8g.yaml",
        "hashed_secret": "4702220fec9261c7d9b0c427aceeca118b66c702",
        "is_verified": false,
        "line_number": 11
      }
    ],
    "tests/unit/models/generation/chat_template_parity_common.py": [
      {
        "type": "Hex High Entropy String",
        "filename": "tests/unit/models/generation/chat_template_parity_common.py",
        "hashed_secret": "f667290c92e8cd663651c7784a77467a4fec327a",
        "is_verified": false,
        "line_number": 21
      }
    ],
    "tests/unit/models/generation/trtllm/fixtures/chat_template_parity_golden.json": [
      {
        "type": "Hex High Entropy String",
        "filename": "tests/unit/models/generation/trtllm/fixtures/chat_template_parity_golden.json",
        "hashed_secret": "f667290c92e8cd663651c7784a77467a4fec327a",
        "is_verified": false,
        "line_number": 3
      }
    ],
    "tests/unit/test_version_check.py": [
      {
        "type": "Hex High Entropy String",
        "filename": "tests/unit/test_version_check.py",
        "hashed_secret": "90bd1b48e958257948487b90bee080ba5ed00caa",
        "is_verified": false,
        "line_number": 95
      }
    ]
  },
  "generated_at": "2026-07-15T20:07:55Z"
}
